mpi_procs 4
p 1
refinements 3
balls 12
cells 512
dofs 729
case_setup 0.00690566
assembly 0.00149619
result none 40 0 0.000588066 0.000588066
result jacobi 29 0.000327637 0.000388799 0.000716436
result ssor 22 0.000125608 0.000433445 0.000559053
result ilu 21 0.000437977 0.000182535 0.000620512
result amg 1 0.00571883 0.000184566 0.0059034
mpi_procs 4
p 2
refinements 3
balls 12
cells 512
dofs 729
case_setup 0.00274848
assembly 0.000384008
result none 100 0 0.000734701 0.000734701
result jacobi 61 8.9569e-05 0.00049381 0.000583379
result ssor 42 0.000151203 0.00113024 0.00128145
result ilu 34 0.000250403 0.00032969 0.000580093
result amg 1 0.00369075 0.000182631 0.00387338
mpi_procs 4
p 3
refinements 3
balls 12
cells 512
dofs 729
case_setup 0.00198048
assembly 0.000407847
result none 252 0 0.00253532 0.00253532
result jacobi 118 0.00022621 0.00101491 0.00124112
result ssor 76 6.6728e-05 0.00159042 0.00165715
result ilu 58 0.00022042 0.000459791 0.000680211
result amg 1 0.00347092 9.5845e-05 0.00356677
mpi_procs 4
p 4
refinements 3
balls 12
cells 512
dofs 729
case_setup 0.0020015
assembly 0.000988692
result none 611 0 0.0034317 0.0034317
result jacobi 196 0.000103654 0.00283205 0.00293571
result ssor 116 0.000206471 0.00242375 0.00263022
result ilu 90 0.000259827 0.000710868 0.000970695
result amg 1 0.00273961 0.000153721 0.00289333
mpi_procs 4
p 5
refinements 3
balls 12
cells 512
dofs 729
case_setup 0.00224209
assembly 0.000393022
result none 1034 0 0.00655865 0.00655865
result jacobi 297 9.2952e-05 0.00312018 0.00321313
result ssor 177 0.000121518 0.00490897 0.00503049
result ilu 168 0.000409668 0.0016151 0.00202477
result amg 1 0.00378188 0.000116504 0.00389838
mpi_procs 4
p 1
refinements 4
balls 12
cells 4096
dofs 4913
case_setup 0.00895034
assembly 0.00265115
result none 112 0 0.00248133 0.00248133
result jacobi 63 0.000249401 0.00199599 0.0022454
result ssor 40 0.000298437 0.00698729 0.00728573
result ilu 35 0.00157364 0.0011669 0.00274054
result amg 17 0.00533891 0.00198509 0.00732399
mpi_procs 4
p 2
refinements 4
balls 12
cells 4096
dofs 4913
case_setup 0.0087154
assembly 0.00264887
result none 346 0 0.00705512 0.00705512
result jacobi 116 0.00019532 0.00243125 0.00262657
result ssor 64 0.000295519 0.0112955 0.011591
result ilu 60 0.00164467 0.00291293 0.0045576
result amg 18 0.0049218 0.00275411 0.00767591
mpi_procs 4
p 3
refinements 4
balls 12
cells 4096
dofs 4913
case_setup 0.00921318
assembly 0.00257026
result none 1005 0 0.0198499 0.0198499
result jacobi 177 0.000187257 0.00326836 0.00345562
result ssor 95 0.000268268 0.0137796 0.0140479
result ilu 86 0.00151538 0.00307941 0.00459479
result amg 25 0.00485349 0.00369936 0.00855285
mpi_procs 4
p 4
refinements 4
balls 12
cells 4096
dofs 4913
case_setup 0.0100489
assembly 0.00264664
result none 2706 0 0.0553071 0.0553071
result jacobi 291 0.000208856 0.0065237 0.00673256
result ssor 143 0.00049008 0.0230332 0.0235233
result ilu 118 0.00137019 0.00396385 0.00533404
result amg 33 0.00448809 0.00487495 0.00936304
mpi_procs 4
p 5
refinements 4
balls 12
cells 4096
dofs 4913
case_setup 0.00862642
assembly 0.00249359
result none 6182 0 0.11363 0.11363
result jacobi 491 0.00018056 0.0104049 0.0105855
result ssor 242 0.000297343 0.040116 0.0404133
result ilu 163 0.00149694 0.00538306 0.00688
result amg 60 0.0043355 0.00623161 0.0105671
mpi_procs 4
p 1
refinements 5
balls 12
cells 32768
dofs 35937
case_setup 0.0509984
assembly 0.0171581
result none 260 0 0.0300218 0.0300218
result jacobi 129 0.000987519 0.0146975 0.0156851
result ssor 75 0.00179618 0.105031 0.106827
result ilu 67 0.0142132 0.0192278 0.033441
result amg 17 0.0666883 0.0220795 0.0887677
mpi_procs 4
p 2
refinements 5
balls 12
cells 32768
dofs 35937
case_setup 0.0429965
assembly 0.0173195
result none 819 0 0.0949526 0.0949526
result jacobi 241 0.000824998 0.0302159 0.0310409
result ssor 125 0.00205879 0.168508 0.170566
result ilu 111 0.0108016 0.0309006 0.0417022
result amg 19 0.0608967 0.0262844 0.0871811
mpi_procs 4
p 3
refinements 5
balls 12
cells 32768
dofs 35937
case_setup 0.0429481
assembly 0.0194331
result none 2547 0 0.305351 0.305351
result jacobi 342 0.000707767 0.0461539 0.0468617
result ssor 165 0.00197775 0.213143 0.21512
result ilu 147 0.0118842 0.0450848 0.0569691
result amg 21 0.0591482 0.0283293 0.0874775
mpi_procs 4
p 4
refinements 5
balls 12
cells 32768
dofs 35937
case_setup 0.0400468
assembly 0.0179598
result none 6997 0 0.822431 0.822431
result jacobi 449 0.000858237 0.0552679 0.0561261
result ssor 208 0.00193825 0.272096 0.274034
result ilu 187 0.0117031 0.0556029 0.067306
result amg 24 0.0647139 0.0316274 0.0963413
mpi_procs 4
p 5
refinements 5
balls 12
cells 32768
dofs 35937
case_setup 0.0413172
assembly 0.0168483
result none 16306 0 1.97808 1.97808
result jacobi 613 0.00120281 0.0857669 0.0869697
result ssor 276 0.0017724 0.39197 0.393742
result ilu 228 0.0118081 0.0801646 0.0919727
result amg 30 0.0672957 0.0444572 0.111753
