mpi_procs 1
p 1
refinements 3
balls 12
cells 512
dofs 729
case_setup 0.147042
assembly 0.0188891
result none 40 0 0.0115563 0.0115563 28.4529
result jacobi 29 0.0153602 0.00193473 0.017295 11.7743
result ssor 14 0.000174086 0.000799278 0.000973364 2.92482
result ilu 11 0.00201837 0.000538409 0.00255678 2.14047
result amg 1 0.0442623 0.000461112 0.0447234 -1
mpi_procs 1
p 2
refinements 3
balls 12
cells 512
dofs 729
case_setup 0.00636826
assembly 0.00245659
result none 102 0 0.001666 0.001666 209.672
result jacobi 61 0.000148831 0.00105958 0.00120841 54.1295
result ssor 28 8.8068e-05 0.00100326 0.00109133 11.0727
result ilu 18 0.00113764 0.000572132 0.00170977 4.48129
result amg 1 0.00687567 0.000191315 0.00706699 -1
mpi_procs 1
p 3
refinements 3
balls 12
cells 512
dofs 729
case_setup 0.00538047
assembly 0.00241371
result none 252 0 0.00452935 0.00452935 1764.25
result jacobi 118 0.000129405 0.0018309 0.00196031 482.767
result ssor 50 9.7551e-05 0.00184461 0.00194216 80.0147
result ilu 35 0.000974096 0.00100795 0.00198205 37.6274
result amg 1 0.00548459 0.000191108 0.00567569 -1
mpi_procs 1
p 4
refinements 3
balls 12
cells 512
dofs 729
case_setup 0.0053135
assembly 0.0021557
result none 590 0 0.0130437 0.0130437 16406.7
result jacobi 196 9.6685e-05 0.00225679 0.00235347 4933.94
result ssor 82 4.5205e-05 0.00228756 0.00233276 712.759
result ilu 57 0.000683734 0.000968219 0.00165195 864.012
result amg 1 0.00320894 0.000111058 0.00331999 -1
mpi_procs 1
p 5
refinements 3
balls 12
cells 512
dofs 729
case_setup 0.00233502
assembly 0.000945116
result none 1031 0 0.0197832 0.0197832 161060
result jacobi 296 0.000174156 0.00686433 0.00703849 49967.1
result ssor 124 0.000109304 0.00473999 0.0048493 6936.71
result ilu 103 0.0010147 0.0109528 0.0119675 nan
result amg 1 0.0062263 0.00018019 0.00640649 -1
mpi_procs 1
p 1
refinements 4
balls 12
cells 4096
dofs 4913
case_setup 0.0298438
assembly 0.00878882
result none 112 0 0.00502508 0.00502508 228.606
result jacobi 63 0.000344789 0.00402148 0.00436627 47.9149
result ssor 28 0.000292296 0.00790154 0.00819384 9.66169
result ilu 24 0.00931344 0.00528382 0.0145973 7.11376
result amg 20 0.040911 0.0111502 0.0520611 3.30214
mpi_procs 1
p 2
refinements 4
balls 12
cells 4096
dofs 4913
case_setup 0.031756
assembly 0.0179335
result none 346 0 0.0387778 0.0387778 2092.48
result jacobi 116 0.000445791 0.0119531 0.0123989 263.625
result ssor 48 0.00041539 0.0164743 0.0168897 46.1986
result ilu 43 0.0081505 0.00965434 0.0178048 26.5309
result amg 21 0.0169048 0.014635 0.0315398 3.47377
mpi_procs 1
p 3
refinements 4
balls 12
cells 4096
dofs 4913
case_setup 0.0309314
assembly 0.0172414
result none 1005 0 0.122184 0.122184 19932.5
result jacobi 177 0.000491042 0.0221149 0.0226059 2657.86
result ssor 68 0.000438758 0.0213692 0.021808 395.425
result ilu 58 0.00803173 0.0135707 0.0216024 212.958
result amg 30 0.0148804 0.0174713 0.0323517 7.66066
mpi_procs 1
p 4
refinements 4
balls 12
cells 4096
dofs 4913
case_setup 0.0306112
assembly 0.0184134
result none 2734 0 0.44476 0.44476 194921
result jacobi 291 0.000703838 0.0351547 0.0358585 28373.1
result ssor 109 0.000264098 0.0143108 0.0145749 3762.27
result ilu 76 0.00343617 0.00673858 0.0101747 2027.9
result amg 44 0.00640929 0.00939243 0.0158017 56.8695
mpi_procs 1
p 5
refinements 4
balls 12
cells 4096
dofs 4913
case_setup 0.0118459
assembly 0.00669998
result none 6187 0 1.19991 1.19991 1.93295e+06
result jacobi 492 0.000436472 0.0600478 0.0604842 290826
result ssor 183 0.000507267 0.0663207 0.066828 36869.5
result ilu 99 0.00864815 0.0245035 0.0331516 25194.8
result amg 64 0.0180383 0.0443938 0.0624321 530.182
mpi_procs 1
p 1
refinements 5
balls 12
cells 32768
dofs 35937
case_setup 0.257855
assembly 0.10839
result none 260 0 0.251381 0.251381 1139.43
result jacobi 129 0.00326907 0.135735 0.139004 197.972
result ssor 56 0.00349613 0.156624 0.16012 37.1998
result ilu 48 0.0826511 0.114804 0.197456 27.4434
result amg 17 0.186819 0.141838 0.328657 2.5077
mpi_procs 1
p 2
refinements 5
balls 12
cells 32768
dofs 35937
case_setup 0.199308
assembly 0.142069
result none 819 0 0.671392 0.671392 10865.3
result jacobi 241 0.00363003 0.183944 0.187574 1203.6
result ssor 96 0.00161931 0.237261 0.238881 195.527
result ilu 84 0.0575207 0.127059 0.184579 131.444
result amg 18 0.129775 0.123047 0.252822 2.64373
mpi_procs 1
p 3
refinements 5
balls 12
cells 32768
dofs 35937
case_setup 0.134294
assembly 0.087806
result none 2518 0 2.20649 2.20649 106418
result jacobi 341 0.00340046 0.376977 0.380378 12476.9
result ssor 127 0.00327631 0.381911 0.385187 1763.68
result ilu 112 0.0716149 0.18711 0.258725 1171.3
result amg 20 0.121497 0.131365 0.252861 2.9204
mpi_procs 1
p 4
refinements 5
balls 12
cells 32768
dofs 35937
case_setup 0.145691
assembly 0.107828
result none 7040 0 7.34545 7.34545 1.05421e+06
result jacobi 449 0.00188966 0.377209 0.379098 144554
result ssor 158 0.00370793 0.402076 0.405784 17156.7
result ilu 141 0.0425552 0.218853 0.261408 11431
result amg 23 0.215938 0.144083 0.360021 3.2942
mpi_procs 1
p 5
refinements 5
balls 12
cells 32768
dofs 35937
case_setup 0.185053
assembly 0.143095
result none 16067 0 16.9413 16.9413 1.05088e+07
result jacobi 611 0.00228942 0.35924 0.361529 1.50422e+06
result ssor 211 0.00173475 0.492525 0.49426 170111
result ilu 172 0.0439936 0.355311 0.399305 113342
result amg 31 0.0864544 0.175946 0.2624 18.4663
