mpi_procs 2
p 1
refinements 3
balls 12
cells 512
dofs 729
case_setup 0.0118666
assembly 0.00123303
result none 40 0 0.000643801 0.000643801 28.4529
result jacobi 29 0.00440271 0.000598991 0.0050017 11.7743
result ssor 20 0.000273966 0.0014688 0.00174277 5.90005
result ilu 18 0.00228041 0.000359395 0.00263981 5.3519
result amg 1 0.00840053 0.00022727 0.0086278 -1
mpi_procs 2
p 2
refinements 3
balls 12
cells 512
dofs 729
case_setup 0.00439838
assembly 0.00175894
result none 100 0 0.00123006 0.00123006 209.672
result jacobi 61 0.000216304 0.000823478 0.00103978 54.1295
result ssor 37 0.000225105 0.00295118 0.00317629 25.2547
result ilu 27 0.000759113 0.000596268 0.00135538 22.1423
result amg 1 0.00578411 0.000500572 0.00628468 -1
mpi_procs 2
p 3
refinements 3
balls 12
cells 512
dofs 729
case_setup 0.00675352
assembly 0.00152371
result none 252 0 0.00294178 0.00294178 1764.25
result jacobi 118 0.000273674 0.00717813 0.0074518 482.767
result ssor 67 0.00128349 0.00383815 0.00512164 186.458
result ilu 48 0.000693729 0.00144812 0.00214185 159.889
result amg 1 0.00474077 0.00012331 0.00486408 -1
mpi_procs 2
p 4
refinements 3
balls 12
cells 512
dofs 729
case_setup 0.00432502
assembly 0.0012488
result none 608 0 0.00984653 0.00984653 16406.7
result jacobi 196 0.00019486 0.00242026 0.00261512 4933.94
result ssor 102 0.000172463 0.00669488 0.00686734 1567.79
result ilu 77 0.000643501 0.00120597 0.00184947 3061.9
result amg 1 0.00510629 0.000156692 0.00526298 -1
mpi_procs 2
p 5
refinements 3
balls 12
cells 512
dofs 729
case_setup 0.00354569
assembly 0.000937385
result none 1009 0 0.018911 0.018911 161060
result jacobi 293 0.000214992 0.00353774 0.00375273 49967.1
result ssor 157 0.000134711 0.00676482 0.00689953 14970.9
result ilu 139 0.000544953 0.00876363 0.00930858 nan
result amg 1 0.00358136 0.000100709 0.00368207 -1
mpi_procs 2
p 1
refinements 4
balls 12
cells 4096
dofs 4913
case_setup 0.0141492
assembly 0.00535968
result none 112 0 0.00365288 0.00365288 228.606
result jacobi 63 0.000394195 0.00239283 0.00278703 47.9149
result ssor 37 0.000653833 0.0127448 0.0133986 17.4189
result ilu 32 0.00370297 0.00266483 0.0063678 14.7139
result amg 18 0.00714103 0.0037169 0.0108579 2.88371
mpi_procs 2
p 2
refinements 4
balls 12
cells 4096
dofs 4913
case_setup 0.0137521
assembly 0.00525526
result none 346 0 0.0142238 0.0142238 2092.48
result jacobi 116 0.000443915 0.00526608 0.00571 263.625
result ssor 63 0.000743023 0.0209738 0.0217168 88.9792
result ilu 54 0.00317266 0.00401648 0.00718915 76.6669
result amg 19 0.00614486 0.00352526 0.00967012 2.96688
mpi_procs 2
p 3
refinements 4
balls 12
cells 4096
dofs 4913
case_setup 0.012816
assembly 0.0108742
result none 1004 0 0.0452669 0.0452669 19932.5
result jacobi 177 0.000373928 0.00667189 0.00704581 2657.86
result ssor 90 0.000779945 0.0298365 0.0306164 761.816
result ilu 78 0.00298539 0.00502603 0.00801142 653.951
result amg 25 0.00692508 0.00485316 0.0117782 6.18967
mpi_procs 2
p 4
refinements 4
balls 12
cells 4096
dofs 4913
case_setup 0.0133917
assembly 0.00462146
result none 2706 0 0.158109 0.158109 194921
result jacobi 291 0.000352151 0.0141385 0.0144906 28373.1
result ssor 136 0.000635133 0.0446141 0.0452492 7225.81
result ilu 106 0.00344531 0.00819722 0.0116425 6177.32
result amg 33 0.00614169 0.00562836 0.01177 44.716
mpi_procs 2
p 5
refinements 4
balls 12
cells 4096
dofs 4913
case_setup 0.0118765
assembly 0.00489752
result none 6194 0 0.511665 0.511665 1.93295e+06
result jacobi 491 0.000405744 0.0212044 0.0216101 290826
result ssor 226 0.000657975 0.085583 0.0862409 70913
result ilu 133 0.00329396 0.0096815 0.0129755 60602.7
result amg 54 0.00614138 0.0101642 0.0163056 254.42
mpi_procs 2
p 1
refinements 5
balls 12
cells 32768
dofs 35937
case_setup 0.0822593
assembly 0.0357641
result none 260 0 0.0825177 0.0825177 1139.43
result jacobi 129 0.00219923 0.0443185 0.0465177 197.972
result ssor 70 0.00466187 0.190681 0.195342 60.4363
result ilu 61 0.0293943 0.0467887 0.076183 46.136
result amg 17 0.0811259 0.0479804 0.129106 2.50906
mpi_procs 2
p 2
refinements 5
balls 12
cells 32768
dofs 35937
case_setup 0.080963
assembly 0.0442775
result none 819 0 0.283169 0.283169 10865.3
result jacobi 240 0.0021051 0.0826219 0.084727 1203.6
result ssor 121 0.00346029 0.334578 0.338038 325.427
result ilu 103 0.025265 0.0834553 0.10872 240.497
result amg 19 0.0817348 0.0528664 0.134601 2.65776
mpi_procs 2
p 3
refinements 5
balls 12
cells 32768
dofs 35937
case_setup 0.079206
assembly 0.0361171
result none 2509 0 0.853874 0.853874 106418
result jacobi 343 0.00199048 0.166943 0.168934 12476.9
result ssor 158 0.00514886 0.546958 0.552107 2920.22
result ilu 138 0.030417 0.127131 0.157548 2132.76
result amg 20 0.0956713 0.0688703 0.164542 2.91315
mpi_procs 2
p 4
refinements 5
balls 12
cells 32768
dofs 35937
case_setup 0.10217
assembly 0.0706904
result none 6989 0 3.44456 3.44456 1.05421e+06
result jacobi 449 0.00169207 0.159816 0.161508 144554
result ssor 198 0.00413124 0.572751 0.576883 28326.9
result ilu 173 0.0258048 0.134649 0.160454 20684.1
result amg 23 0.0770161 0.0700406 0.147057 3.29786
mpi_procs 2
p 5
refinements 5
balls 12
cells 32768
dofs 35937
case_setup 0.114961
assembly 0.0370234
result none 16303 0 8.1175 8.1175 1.05088e+07
result jacobi 612 0.001834 0.220253 0.222087 1.50422e+06
result ssor 265 0.00409503 0.753455 0.75755 280726
result ilu 212 0.0248449 0.189069 0.213914 206196
result amg 29 0.0782982 0.0819465 0.160245 18.4642
