mpi_procs 3
p 1
refinements 3
balls 12
cells 512
dofs 729
case_setup 0.00904314
assembly 0.00115779
result none 40 0 0.000693382 0.000693382 28.4529
result jacobi 29 0.000379516 0.000373353 0.000752869 11.7743
result ssor 22 0.000148136 0.000979939 0.00112808 7.16415
result ilu 22 0.00071104 0.000365011 0.00107605 6.93932
result amg 1 0.00562043 0.000180651 0.00580108 -1
mpi_procs 3
p 2
refinements 3
balls 12
cells 512
dofs 729
case_setup 0.00386084
assembly 0.000766724
result none 100 0 0.0011015 0.0011015 209.672
result jacobi 61 0.000114512 0.000858566 0.000973078 54.1295
result ssor 42 0.000151715 0.0018346 0.00198632 30.772
result ilu 34 0.000450555 0.000592697 0.00104325 29.4039
result amg 1 0.00378973 0.000152044 0.00394177 -1
mpi_procs 3
p 3
refinements 3
balls 12
cells 512
dofs 729
case_setup 0.00422802
assembly 0.000974574
result none 252 0 0.00305198 0.00305198 1764.25
result jacobi 119 0.000122551 0.00228138 0.00240393 482.767
result ssor 75 0.000177974 0.00337112 0.00354909 211.177
result ilu 59 0.000584842 0.00115003 0.00173488 186.123
result amg 1 0.00465817 0.000162576 0.00482075 -1
mpi_procs 3
p 4
refinements 3
balls 12
cells 512
dofs 729
case_setup 0.00481291
assembly 0.000974354
result none 598 0 0.012041 0.012041 16406.7
result jacobi 196 0.000286145 0.00345407 0.00374021 4933.94
result ssor 118 0.000279519 0.00589739 0.00617691 1751.27
result ilu 91 0.00055771 0.00216554 0.00272325 2182.28
result amg 1 0.00657535 0.000249394 0.00682474 -1
mpi_procs 3
p 5
refinements 3
balls 12
cells 512
dofs 729
case_setup 0.00606
assembly 0.00104184
result none 1030 0 0.0269041 0.0269041 161060
result jacobi 297 0.000240721 0.00825672 0.00849744 49967.1
result ssor 182 0.000373045 0.0118928 0.0122658 16820.9
result ilu 166 0.000612029 0.0180779 0.01869 nan
result amg 1 0.00679512 0.000257593 0.00705272 -1
mpi_procs 3
p 1
refinements 4
balls 12
cells 4096
dofs 4913
case_setup 0.0194927
assembly 0.00778074
result none 112 0 0.00568615 0.00568615 228.606
result jacobi 63 0.000489414 0.00232608 0.0028155 47.9149
result ssor 39 0.000614566 0.0112052 0.0118198 21.0297
result ilu 36 0.00314 0.00230926 0.00544927 19.1194
result amg 17 0.00920545 0.00331115 0.0125166 2.49031
mpi_procs 3
p 2
refinements 4
balls 12
cells 4096
dofs 4913
case_setup 0.0156555
assembly 0.00496575
result none 346 0 0.0123809 0.0123809 2092.48
result jacobi 116 0.000346695 0.0052413 0.005588 263.625
result ssor 68 0.000604978 0.0190098 0.0196148 111.804
result ilu 61 0.00248484 0.00353113 0.00601597 107.317
result amg 19 0.00714647 0.00341041 0.0105569 3.02875
mpi_procs 3
p 3
refinements 4
balls 12
cells 4096
dofs 4913
case_setup 0.0154284
assembly 0.00506834
result none 1005 0 0.0415669 0.0415669 19932.5
result jacobi 177 0.000305673 0.00746199 0.00776766 2657.86
result ssor 96 0.000878586 0.023813 0.0246916 963.672
result ilu 87 0.00265429 0.00492873 0.00758302 929.701
result amg 26 0.00723263 0.00575456 0.0129872 12.8437
mpi_procs 3
p 4
refinements 4
balls 12
cells 4096
dofs 4913
case_setup 0.0153193
assembly 0.00427426
result none 2735 0 0.156967 0.156967 194921
result jacobi 291 0.000320316 0.0112043 0.0115246 28373.1
result ssor 146 0.000507596 0.0397236 0.0402312 9161.18
result ilu 121 0.00302207 0.00667436 0.00969642 8824.89
result amg 34 0.00662187 0.00801962 0.0146415 128.984
mpi_procs 3
p 5
refinements 4
balls 12
cells 4096
dofs 4913
case_setup 0.0180875
assembly 0.00594487
result none 6176 0 0.602137 0.602137 1.93295e+06
result jacobi 491 0.00031476 0.0190935 0.0194082 290826
result ssor 244 0.00048773 0.0626685 0.0631563 90024.9
result ilu 166 0.00268973 0.00935384 0.0120436 86680
result amg 56 0.00698984 0.00963339 0.0166232 1320.89
mpi_procs 3
p 1
refinements 5
balls 12
cells 32768
dofs 35937
case_setup 0.0997331
assembly 0.0318985
result none 259 0 0.0654714 0.0654714 1139.43
result jacobi 129 0.00150003 0.0361165 0.0376166 197.972
result ssor 75 0.00303337 0.171063 0.174097 67.7234
result ilu 66 0.0221008 0.0423011 0.064402 56.5543
result amg 17 0.087104 0.0513144 0.138418 2.5085
mpi_procs 3
p 2
refinements 5
balls 12
cells 32768
dofs 35937
case_setup 0.082241
assembly 0.0312565
result none 819 0 0.205306 0.205306 10865.3
result jacobi 241 0.00118849 0.0677235 0.0689119 1203.6
result ssor 127 0.00364446 0.280718 0.284363 375.585
result ilu 114 0.0197199 0.0742307 0.0939505 323.29
result amg 19 0.0806835 0.055901 0.136585 2.66025
mpi_procs 3
p 3
refinements 5
balls 12
cells 32768
dofs 35937
case_setup 0.0956972
assembly 0.0336803
result none 2547 0 0.693556 0.693556 106418
result jacobi 342 0.00149715 0.0934064 0.0949036 12476.9
result ssor 171 0.00302154 0.379138 0.382159 3647.93
result ilu 151 0.0187252 0.0982266 0.116952 2916.3
result amg 21 0.0785535 0.0514676 0.130021 3.03986
mpi_procs 3
p 4
refinements 5
balls 12
cells 32768
dofs 35937
case_setup 0.0810575
assembly 0.0322325
result none 6978 0 2.26458 2.26458 1.05421e+06
result jacobi 449 0.00129651 0.124976 0.126272 144554
result ssor 211 0.00292614 0.475391 0.478317 36870.1
result ilu 190 0.0191893 0.125092 0.144281 29829
result amg 23 0.0785785 0.0591174 0.137696 3.46667
mpi_procs 3
p 5
refinements 5
balls 12
cells 32768
dofs 35937
case_setup 0.0819923
assembly 0.0324009
result none 16297 0 6.55703 6.55703 1.05088e+07
result jacobi 611 0.00158269 0.171981 0.173564 1.50422e+06
result ssor 283 0.00298115 0.614463 0.617444 367698
result ilu 235 0.019854 0.153675 0.173529 300932
result amg 30 0.0924896 0.0782079 0.170697 18.4972
